// Jest Snapshot v1, https://goo.gl/fbAQLP

exports[`Form snapshot matches snapshot 1`] = `
<form action="test.local/send" method="post">
  <ul>
    <li>
      Test error 1
    </li>
    <li>
      Test error 2
    </li>
  </ul>
  <div>
    <div>
      <formitem-stub field="[object Object]" value="test value"></formitem-stub>
    </div>
  </div>
  <v-btn-stub color="primary" tag="button" activeclass="" type="submit" primary="">
    Send
  </v-btn-stub>
</form>
`;
